[robodojo eval] policy_dir=/root/rivermind-data/RoboDojo/XPolicyLab/policy/demo_policy
[robodojo eval] task=stack_bowls env_cfg=arx_x5 eval_num=1
[33m[INFO] Using socket port: 54465[0m
[MAIN] start server, policy_server_port=54465
[34m[1m[CONNECTING][0m Policy server -> localhost:54465 (PID=101472, timeout=600s)
[SERVER] policy=demo_policy, task=stack_bowls, policy_server_port=54465
[32m[1m[CONNECTED][0m Policy server ready on localhost:54465 (PID=101472)
[MAIN] start client, server=localhost:54465
[CLIENT] policy=demo_policy, task=stack_bowls, server=localhost:54465
[CLIENT] EVAL_ENV_TYPE=(default sim) -> sim
[34m[CLIENT] Activating Conda environment: isaaclab[0m
[34m[CLIENT] Connecting to server localhost:54465...[0m
[34m[CLIENT] Watch for green [CONNECTED]; yellow [RECONNECT] means the client is retrying.[0m
[INFO] PYTHONPATH=/root/rivermind-data/RoboDojo:/root/rivermind-data/RoboDojo/XPolicyLab:
[INFO] policy transport = WebSocket (protocol: ws)
[INFO] policy_server_url = ws://localhost:54465
[INFO] device_id = 0 → CUDA_VISIBLE_DEVICES=0
[INFO] eval_batch     = false
[INFO] render_interval = 10
[INFO] num_envs        = 10
[eval_policy] ROBODOJO_RUN_ID=2026-10-08_21-00-11
[main] PhysX monitor enabled=False (task=stack_bowls)
[INFO][AppLauncher]: Using device: cuda:0
[INFO][AppLauncher]: Loading experience file: /root/IsaacLab-v2.3.2/apps/isaaclab.python.headless.rendering.kit
Loading user config located at: '/opt/conda/envs/isaaclab/lib/python3.11/site-packages/isaacsim/kit/data/Kit/Isaac-Sim/5.1/user.config.json'
[Info] [carb] Logging to file: /opt/conda/envs/isaaclab/lib/python3.11/site-packages/isaacsim/kit/logs/Kit/Isaac-Sim/5.1/kit_20261008_210011.log
2026-10-08T13:00:11Z [279ms] [Warning] [carb.windowing-glfw.plugin] GLFW initialization failed.
2026-10-08T13:00:11Z [279ms] [Warning] [carb] Failed to startup plugin carb.windowing-glfw.plugin (interfaces: [carb::windowing::IGLContext v1.0],[carb::windowing::IWindowing v1.5]) (impl: carb.windowing-glfw.plugin)
2026-10-08T13:00:16Z [4,780ms] [Warning] [omni.platforminfo.plugin] failed to open the default display.  Can't verify X Server version.
2026-10-08T13:00:16Z [4,782ms] [Warning] [carb.cudainterop.plugin] CUDA_VISIBLE_DEVICES environment variable is set.
2026-10-08T13:00:16Z [4,793ms] [Warning] [carb.cudainterop.plugin] Note CUDA device enumeration and Omniverse device enumeration are different.
2026-10-08T13:00:16Z [4,793ms] [Warning] [carb.cudainterop.plugin] Setting CUDA_VISIBLE_DEVICES can lead to undesired behavior or crashes.

|---------------------------------------------------------------------------------------------|
| Driver Version: 580.119.02    | Graphics API: Vulkan
|=============================================================================================|
| GPU | Name                             | Active | LDA | GPU Memory | Vendor-ID | LUID       |
|     |                                  |        |     |            | Device-ID | UUID       |
|     |                                  |        |     |            | Bus-ID    |            |
|---------------------------------------------------------------------------------------------|
| 0   | NVIDIA GeForce RTX 3090          | Yes: 0 |     | 24822   MB | 10de      | 0          |
|     |                                  |        |     |            | 2204      | 08b84fe3.. |
|     |                                  |        |     |            | c1        |            |
|=============================================================================================|
| OS: 24.04.1 LTS (Noble Numbat) ubuntu, Version: 24.04.1, Kernel: 5.15.0-161-generic
| Processor: AMD EPYC 7742 64-Core Processor
| Bare Metal Cores: 128 | Bare Metal Logical Cores: 256
| Core Usage Quota: 20
|---------------------------------------------------------------------------------------------|
| Total Memory (MB): 102400 | Free Memory: 98459
| Total Page/Swap (MB): 0 | Free Page/Swap: 0
|---------------------------------------------------------------------------------------------|
2026-10-08T13:00:17Z [6,016ms] [Warning] [gpu.foundation.plugin] IOMMU is enabled.
2026-10-08T13:00:18Z [7,177ms] [Warning] [carb.windowing-glfw.plugin] GLFW initialization failed.
2026-10-08T13:00:18Z [7,177ms] [Warning] [carb] Failed to startup plugin carb.windowing-glfw.plugin (interfaces: [carb::windowing::IGLContext v1.0],[carb::windowing::IWindowing v1.5]) (impl: carb.windowing-glfw.plugin)
2026-10-08T13:00:18Z [7,202ms] [Warning] [carb.windowing-glfw.plugin] GLFW initialization failed.
2026-10-08T13:00:18Z [7,202ms] [Warning] [carb] Failed to startup plugin carb.windowing-glfw.plugin (interfaces: [carb::windowing::IGLContext v1.0],[carb::windowing::IWindowing v1.5]) (impl: carb.windowing-glfw.plugin)
2026-10-08T13:00:18Z [7,213ms] [Warning] [carb.windowing-glfw.plugin] GLFW initialization failed.
2026-10-08T13:00:18Z [7,213ms] [Warning] [carb] Failed to startup plugin carb.windowing-glfw.plugin (interfaces: [carb::windowing::IGLContext v1.0],[carb::windowing::IWindowing v1.5]) (impl: carb.windowing-glfw.plugin)
2026-10-08T13:00:18Z [7,225ms] [Warning] [carb.windowing-glfw.plugin] GLFW initialization failed.
2026-10-08T13:00:18Z [7,225ms] [Warning] [carb] Failed to startup plugin carb.windowing-glfw.plugin (interfaces: [carb::windowing::IGLContext v1.0],[carb::windowing::IWindowing v1.5]) (impl: carb.windowing-glfw.plugin)
2026-10-08T13:00:18Z [7,227ms] [Warning] [carb.windowing-glfw.plugin] GLFW initialization failed.
2026-10-08T13:00:18Z [7,227ms] [Warning] [carb] Failed to startup plugin carb.windowing-glfw.plugin (interfaces: [carb::windowing::IGLContext v1.0],[carb::windowing::IWindowing v1.5]) (impl: carb.windowing-glfw.plugin)
2026-10-08T13:00:18Z [7,228ms] [Warning] [carb.windowing-glfw.plugin] GLFW initialization failed.
2026-10-08T13:00:18Z [7,228ms] [Warning] [carb] Failed to startup plugin carb.windowing-glfw.plugin (interfaces: [carb::windowing::IGLContext v1.0],[carb::windowing::IWindowing v1.5]) (impl: carb.windowing-glfw.plugin)
2026-10-08T13:00:19Z [8,326ms] [Warning] [omni.log] Source: omni.hydra was already registered.
2026-10-08T13:00:19Z [8,587ms] [Warning] [carb] Acquiring non optional plugin interface which is not listed as dependency: [omni::physx::IPhysxBenchmarks v1.0] (plugin: <default plugin>), by client: omni.physics.physx.plugin. Add it to CARB_PLUGIN_IMPL_DEPS() macro of a client.
2026-10-08T13:00:20Z [8,967ms] [Warning] [omni.isaac.dynamic_control] omni.isaac.dynamic_control is deprecated as of Isaac Sim 4.5. No action is needed from end-users.
2026-10-08T13:00:23Z [11,859ms] [Warning] [pxr.Semantics] pxr.Semantics is deprecated - please use Semantics instead
2026-10-08T13:00:23Z [12,119ms] [Warning] [omni.graph.core.plugin] Found duplicate of category 'Replicator' - was 'Annotators', adding 'Fabric Reader'
2026-10-08T13:00:23Z [12,119ms] [Warning] [omni.graph.core.plugin] Category 'Replicator' not accepted on node type 'omni.replicator.core.FabricReader' in extension 'omni.replicator.core'
2026-10-08T13:00:23Z [12,121ms] [Warning] [omni.replicator.core.scripts.extension] No material configuration file, adding configuration to material settings directly.
2026-10-08T13:00:30Z [19,297ms] [Warning] [omni.fabric.plugin] Warning: attribute viewportHandle not found for bucket id 9

[main] eval_batch=false in XPolicyLab/policy/demo_policy/deploy.yml; forcing num_envs 10 -> 1
Traceback (most recent call last):
  File "/root/rivermind-data/RoboDojo/src/eval_client/main.py", line 453, in <module>
    main()
  File "/root/rivermind-data/RoboDojo/src/eval_client/main.py", line 346, in main
    env = create_eval_env(env_cfg, simulation_app, resume_state=resume_state)
          ^^^^^^^^^^^^^^^^^^^^^^^^^^^^^^^^^^^^^^^^^^^^^^^^^^^^^^^^^^^^^^^^^^^
  File "/root/rivermind-data/RoboDojo/src/eval_client/eval_env.py", line 954, in create_eval_env
    return EvalEnv(config, app, resume_state=resume_state, **kwargs)
           ^^^^^^^^^^^^^^^^^^^^^^^^^^^^^^^^^^^^^^^^^^^^^^^^^^^^^^^^^
  File "/root/rivermind-data/RoboDojo/src/eval_client/eval_env.py", line 54, in __init__
    super().__init__(config, app, **kwargs)
  File "/root/rivermind-data/RoboDojo/task/RoboDojo/tasks/stack_bowls.py", line 7, in __init__
    super().__init__(config, app, **kwargs)
  File "/root/rivermind-data/RoboDojo/env/environment/task_env.py", line 22, in __init__
    self.robot_manager = RobotManager(
                         ^^^^^^^^^^^^^
  File "/root/rivermind-data/RoboDojo/env/robot_manager/robot_manager.py", line 52, in __init__
    self._setup_planner(robot)
  File "/root/rivermind-data/RoboDojo/env/robot_manager/robot_manager.py", line 542, in _setup_planner
    self.planner[robot.robot_name] = CuroboPlanner(
                                     ^^^^^^^^^^^^^^
  File "/root/rivermind-data/RoboDojo/env/planner_manager/curobo_planner.py", line 44, in __init__
    with open(self.yml_path) as f:
         ^^^^^^^^^^^^^^^^^^^
FileNotFoundError: [Errno 2] No such file or directory: '/root/rivermind-data/RoboDojo/env/../Assets/Robots/x5/curobo.yml'
2026-10-08T13:00:33Z [22,318ms] [Warning] [omni.graph.core.plugin] Could not find category 'Replicator:Annotators' for removal
2026-10-08T13:00:33Z [22,318ms] [Warning] [omni.graph.core.plugin] Could not find category 'Replicator:Annotators' for removal
2026-10-08T13:00:33Z [22,318ms] [Warning] [omni.graph.core.plugin] Could not find category 'Replicator' for removal
2026-10-08T13:00:33Z [22,318ms] [Warning] [omni.graph.core.plugin] Could not find category 'Replicator:Annotators' for removal
2026-10-08T13:00:33Z [22,318ms] [Warning] [omni.graph.core.plugin] Could not find category 'Replicator:Annotators' for removal
2026-10-08T13:00:33Z [22,318ms] [Warning] [omni.graph.core.plugin] Could not find category 'Replicator:Annotators' for removal
2026-10-08T13:00:33Z [22,318ms] [Warning] [omni.graph.core.plugin] Could not find category 'Replicator:Annotators' for removal
2026-10-08T13:00:33Z [22,318ms] [Warning] [omni.graph.core.plugin] Could not find category 'Replicator:Annotators' for removal
2026-10-08T13:00:33Z [22,318ms] [Warning] [omni.graph.core.plugin] Could not find category 'Replicator:Annotators' for removal
2026-10-08T13:00:33Z [22,318ms] [Warning] [omni.graph.core.plugin] Could not find category 'Replicator:Annotators' for removal
2026-10-08T13:00:33Z [22,318ms] [Warning] [omni.graph.core.plugin] Could not find category 'Replicator:Annotators' for removal
2026-10-08T13:00:33Z [22,318ms] [Warning] [omni.graph.core.plugin] Could not find category 'Replicator:Annotators' for removal
2026-10-08T13:00:33Z [22,318ms] [Warning] [omni.graph.core.plugin] Could not find category 'Replicator:Annotators' for removal
2026-10-08T13:00:33Z [22,318ms] [Warning] [omni.graph.core.plugin] Could not find category 'Replicator:Core' for removal
2026-10-08T13:00:33Z [22,323ms] [Warning] [omni.physx.plugin] USD stage detach not called, holding a loose ptr to a stage!
2026-10-08T13:00:33Z [22,329ms] [Warning] [omni.fabric.plugin] gFabricState->gUsdStageToSimStageWithHistoryMap had 1 outstanding SimStageWithHistory(s) at shutdown
2026-10-08T13:00:33Z [22,426ms] [Warning] [carb] Recursive unloadAllPlugins() detected!
[MAIN] eval finished
[MAIN] kill server tree 101472
[robodojo eval] wall_clock=30s
