[robodojo eval] policy_dir=/root/rivermind-data/RoboDojo/XPolicyLab/policy/demo_policy
[robodojo eval] task=stack_bowls env_cfg=arx_x5 eval_num=1
[33m[INFO] Using socket port: 52827[0m
[MAIN] start server, policy_server_port=52827
[34m[1m[CONNECTING][0m Policy server -> localhost:52827 (PID=94091, timeout=600s)
[SERVER] policy=demo_policy, task=stack_bowls, policy_server_port=52827
[32m[1m[CONNECTED][0m Policy server ready on localhost:52827 (PID=94091)
[MAIN] start client, server=localhost:52827
[CLIENT] policy=demo_policy, task=stack_bowls, server=localhost:52827
[CLIENT] EVAL_ENV_TYPE=(default sim) -> sim
[34m[CLIENT] Activating Conda environment: isaaclab[0m
[34m[CLIENT] Connecting to server localhost:52827...[0m
[34m[CLIENT] Watch for green [CONNECTED]; yellow [RECONNECT] means the client is retrying.[0m
[INFO] PYTHONPATH=/root/rivermind-data/RoboDojo:/root/rivermind-data/RoboDojo/XPolicyLab:
[INFO] policy transport = WebSocket (protocol: ws)
[INFO] policy_server_url = ws://localhost:52827
[INFO] device_id = 0 → CUDA_VISIBLE_DEVICES=0
[INFO] eval_batch     = false
[INFO] render_interval = 10
[INFO] num_envs        = 10
[eval_policy] ROBODOJO_RUN_ID=2026-10-08_20-51-59
[main] PhysX monitor enabled=False (task=stack_bowls)
[INFO][AppLauncher]: Using device: cuda:0
[INFO][AppLauncher]: Loading experience file: /root/IsaacLab-v2.3.2/apps/isaaclab.python.headless.rendering.kit
Loading user config located at: '/opt/conda/envs/isaaclab/lib/python3.11/site-packages/isaacsim/kit/data/Kit/Isaac-Sim/5.1/user.config.json'
[Info] [carb] Logging to file: /opt/conda/envs/isaaclab/lib/python3.11/site-packages/isaacsim/kit/logs/Kit/Isaac-Sim/5.1/kit_20261008_205159.log
2026-10-08T12:52:00Z [305ms] [Warning] [carb.windowing-glfw.plugin] GLFW initialization failed.
2026-10-08T12:52:00Z [305ms] [Warning] [carb] Failed to startup plugin carb.windowing-glfw.plugin (interfaces: [carb::windowing::IGLContext v1.0],[carb::windowing::IWindowing v1.5]) (impl: carb.windowing-glfw.plugin)
2026-10-08T12:52:04Z [4,508ms] [Warning] [omni.platforminfo.plugin] failed to open the default display.  Can't verify X Server version.
2026-10-08T12:52:04Z [4,510ms] [Warning] [carb.cudainterop.plugin] CUDA_VISIBLE_DEVICES environment variable is set.
2026-10-08T12:52:04Z [4,521ms] [Warning] [carb.cudainterop.plugin] Note CUDA device enumeration and Omniverse device enumeration are different.
2026-10-08T12:52:04Z [4,521ms] [Warning] [carb.cudainterop.plugin] Setting CUDA_VISIBLE_DEVICES can lead to undesired behavior or crashes.

|---------------------------------------------------------------------------------------------|
| Driver Version: 580.119.02    | Graphics API: Vulkan
|=============================================================================================|
| GPU | Name                             | Active | LDA | GPU Memory | Vendor-ID | LUID       |
|     |                                  |        |     |            | Device-ID | UUID       |
|     |                                  |        |     |            | Bus-ID    |            |
|---------------------------------------------------------------------------------------------|
| 0   | NVIDIA GeForce RTX 3090          | Yes: 0 |     | 24822   MB | 10de      | 0          |
|     |                                  |        |     |            | 2204      | 08b84fe3.. |
|     |                                  |        |     |            | c1        |            |
|=============================================================================================|
| OS: 24.04.1 LTS (Noble Numbat) ubuntu, Version: 24.04.1, Kernel: 5.15.0-161-generic
| Processor: AMD EPYC 7742 64-Core Processor
| Bare Metal Cores: 128 | Bare Metal Logical Cores: 256
| Core Usage Quota: 20
|---------------------------------------------------------------------------------------------|
| Total Memory (MB): 102400 | Free Memory: 98686
| Total Page/Swap (MB): 0 | Free Page/Swap: 0
|---------------------------------------------------------------------------------------------|
2026-10-08T12:52:05Z [5,943ms] [Warning] [gpu.foundation.plugin] IOMMU is enabled.
2026-10-08T12:52:07Z [7,125ms] [Warning] [carb.windowing-glfw.plugin] GLFW initialization failed.
2026-10-08T12:52:07Z [7,125ms] [Warning] [carb] Failed to startup plugin carb.windowing-glfw.plugin (interfaces: [carb::windowing::IGLContext v1.0],[carb::windowing::IWindowing v1.5]) (impl: carb.windowing-glfw.plugin)
2026-10-08T12:52:07Z [7,431ms] [Warning] [carb.windowing-glfw.plugin] GLFW initialization failed.
2026-10-08T12:52:07Z [7,431ms] [Warning] [carb] Failed to startup plugin carb.windowing-glfw.plugin (interfaces: [carb::windowing::IGLContext v1.0],[carb::windowing::IWindowing v1.5]) (impl: carb.windowing-glfw.plugin)
2026-10-08T12:52:07Z [7,473ms] [Warning] [carb.windowing-glfw.plugin] GLFW initialization failed.
2026-10-08T12:52:07Z [7,473ms] [Warning] [carb] Failed to startup plugin carb.windowing-glfw.plugin (interfaces: [carb::windowing::IGLContext v1.0],[carb::windowing::IWindowing v1.5]) (impl: carb.windowing-glfw.plugin)
2026-10-08T12:52:07Z [7,490ms] [Warning] [carb.windowing-glfw.plugin] GLFW initialization failed.
2026-10-08T12:52:07Z [7,490ms] [Warning] [carb] Failed to startup plugin carb.windowing-glfw.plugin (interfaces: [carb::windowing::IGLContext v1.0],[carb::windowing::IWindowing v1.5]) (impl: carb.windowing-glfw.plugin)
2026-10-08T12:52:07Z [7,494ms] [Warning] [carb.windowing-glfw.plugin] GLFW initialization failed.
2026-10-08T12:52:07Z [7,494ms] [Warning] [carb] Failed to startup plugin carb.windowing-glfw.plugin (interfaces: [carb::windowing::IGLContext v1.0],[carb::windowing::IWindowing v1.5]) (impl: carb.windowing-glfw.plugin)
2026-10-08T12:52:07Z [7,495ms] [Warning] [carb.windowing-glfw.plugin] GLFW initialization failed.
2026-10-08T12:52:07Z [7,495ms] [Warning] [carb] Failed to startup plugin carb.windowing-glfw.plugin (interfaces: [carb::windowing::IGLContext v1.0],[carb::windowing::IWindowing v1.5]) (impl: carb.windowing-glfw.plugin)
2026-10-08T12:52:08Z [8,260ms] [Warning] [omni.log] Source: omni.hydra was already registered.
2026-10-08T12:52:08Z [8,524ms] [Warning] [carb] Acquiring non optional plugin interface which is not listed as dependency: [omni::physx::IPhysxBenchmarks v1.0] (plugin: <default plugin>), by client: omni.physics.physx.plugin. Add it to CARB_PLUGIN_IMPL_DEPS() macro of a client.
2026-10-08T12:52:08Z [8,878ms] [Warning] [omni.isaac.dynamic_control] omni.isaac.dynamic_control is deprecated as of Isaac Sim 4.5. No action is needed from end-users.
2026-10-08T12:52:12Z [12,198ms] [Warning] [pxr.Semantics] pxr.Semantics is deprecated - please use Semantics instead
2026-10-08T12:52:12Z [12,721ms] [Warning] [omni.graph.core.plugin] Found duplicate of category 'Replicator' - was 'Annotators', adding 'Fabric Reader'
2026-10-08T12:52:12Z [12,721ms] [Warning] [omni.graph.core.plugin] Category 'Replicator' not accepted on node type 'omni.replicator.core.FabricReader' in extension 'omni.replicator.core'
2026-10-08T12:52:12Z [12,746ms] [Warning] [omni.replicator.core.scripts.extension] No material configuration file, adding configuration to material settings directly.
2026-10-08T12:52:49Z [49,443ms] [Warning] [omni.fabric.plugin] Warning: attribute viewPickingId not found for bucket id 9

Traceback (most recent call last):
  File "/root/rivermind-data/RoboDojo/src/eval_client/main.py", line 135, in <module>
    from src.eval_client.eval_env import create_eval_env
  File "/root/rivermind-data/RoboDojo/src/eval_client/eval_env.py", line 10, in <module>
    import transforms3d as t3d
ModuleNotFoundError: No module named 'transforms3d'
2026-10-08T12:53:27Z [87,282ms] [Warning] [omni.graph.core.plugin] Could not find category 'Replicator:Annotators' for removal
2026-10-08T12:53:27Z [87,282ms] [Warning] [omni.graph.core.plugin] Could not find category 'Replicator:Annotators' for removal
2026-10-08T12:53:27Z [87,282ms] [Warning] [omni.graph.core.plugin] Could not find category 'Replicator' for removal
2026-10-08T12:53:27Z [87,282ms] [Warning] [omni.graph.core.plugin] Could not find category 'Replicator:Annotators' for removal
2026-10-08T12:53:27Z [87,282ms] [Warning] [omni.graph.core.plugin] Could not find category 'Replicator:Annotators' for removal
2026-10-08T12:53:27Z [87,282ms] [Warning] [omni.graph.core.plugin] Could not find category 'Replicator:Annotators' for removal
2026-10-08T12:53:27Z [87,282ms] [Warning] [omni.graph.core.plugin] Could not find category 'Replicator:Annotators' for removal
2026-10-08T12:53:27Z [87,282ms] [Warning] [omni.graph.core.plugin] Could not find category 'Replicator:Annotators' for removal
2026-10-08T12:53:27Z [87,282ms] [Warning] [omni.graph.core.plugin] Could not find category 'Replicator:Annotators' for removal
2026-10-08T12:53:27Z [87,282ms] [Warning] [omni.graph.core.plugin] Could not find category 'Replicator:Annotators' for removal
2026-10-08T12:53:27Z [87,282ms] [Warning] [omni.graph.core.plugin] Could not find category 'Replicator:Annotators' for removal
2026-10-08T12:53:27Z [87,282ms] [Warning] [omni.graph.core.plugin] Could not find category 'Replicator:Annotators' for removal
2026-10-08T12:53:27Z [87,283ms] [Warning] [omni.graph.core.plugin] Could not find category 'Replicator:Annotators' for removal
2026-10-08T12:53:27Z [87,283ms] [Warning] [omni.graph.core.plugin] Could not find category 'Replicator:Core' for removal
2026-10-08T12:53:27Z [87,290ms] [Warning] [omni.physx.plugin] USD stage detach not called, holding a loose ptr to a stage!
2026-10-08T12:53:27Z [87,353ms] [Warning] [omni.fabric.plugin] gFabricState->gUsdStageToSimStageWithHistoryMap had 1 outstanding SimStageWithHistory(s) at shutdown
2026-10-08T12:53:27Z [87,918ms] [Warning] [carb] Recursive unloadAllPlugins() detected!
[MAIN] eval finished
[MAIN] kill server tree 94091
[robodojo eval] wall_clock=97s
